------------------------------------------------------------
Timing Analyzer Summary
------------------------------------------------------------

Type  : Slow 1200mV 85C Model Setup 'CLOCK_50'
Slack : -32.066
TNS   : -1866.486

Type  : Slow 1200mV 85C Model Setup 'ClkDividerN:clkdividerMiliSec|clkOut'
Slack : -6.720
TNS   : -316.136

Type  : Slow 1200mV 85C Model Setup 'ClkDividerN:clkdivider1Hz|clkOut'
Slack : -1.929
TNS   : -31.332

Type  : Slow 1200mV 85C Model Hold 'CLOCK_50'
Slack : 0.385
TNS   : 0.000

Type  : Slow 1200mV 85C Model Hold 'ClkDividerN:clkdivider1Hz|clkOut'
Slack : 0.387
TNS   : 0.000

Type  : Slow 1200mV 85C Model Hold 'ClkDividerN:clkdividerMiliSec|clkOut'
Slack : 0.641
TNS   : 0.000

Type  : Slow 1200mV 85C Model Recovery 'CLOCK_50'
Slack : -1.827
TNS   : -14.451

Type  : Slow 1200mV 85C Model Removal 'CLOCK_50'
Slack : 1.141
TNS   : 0.000

Type  : Slow 1200mV 85C Model Minimum Pulse Width 'CLOCK_50'
Slack : -3.000
TNS   : -373.080

Type  : Slow 1200mV 85C Model Minimum Pulse Width 'ClkDividerN:clkdividerMiliSec|clkOut'
Slack : -1.285
TNS   : -96.375

Type  : Slow 1200mV 85C Model Minimum Pulse Width 'ClkDividerN:clkdivider1Hz|clkOut'
Slack : -1.285
TNS   : -24.415

Type  : Slow 1200mV 0C Model Setup 'CLOCK_50'
Slack : -28.970
TNS   : -1672.104

Type  : Slow 1200mV 0C Model Setup 'ClkDividerN:clkdividerMiliSec|clkOut'
Slack : -5.988
TNS   : -281.976

Type  : Slow 1200mV 0C Model Setup 'ClkDividerN:clkdivider1Hz|clkOut'
Slack : -1.643
TNS   : -26.532

Type  : Slow 1200mV 0C Model Hold 'CLOCK_50'
Slack : 0.337
TNS   : 0.000

Type  : Slow 1200mV 0C Model Hold 'ClkDividerN:clkdivider1Hz|clkOut'
Slack : 0.353
TNS   : 0.000

Type  : Slow 1200mV 0C Model Hold 'ClkDividerN:clkdividerMiliSec|clkOut'
Slack : 0.584
TNS   : 0.000

Type  : Slow 1200mV 0C Model Recovery 'CLOCK_50'
Slack : -1.542
TNS   : -11.661

Type  : Slow 1200mV 0C Model Removal 'CLOCK_50'
Slack : 1.044
TNS   : 0.000

Type  : Slow 1200mV 0C Model Minimum Pulse Width 'CLOCK_50'
Slack : -3.000
TNS   : -373.080

Type  : Slow 1200mV 0C Model Minimum Pulse Width 'ClkDividerN:clkdividerMiliSec|clkOut'
Slack : -1.285
TNS   : -96.375

Type  : Slow 1200mV 0C Model Minimum Pulse Width 'ClkDividerN:clkdivider1Hz|clkOut'
Slack : -1.285
TNS   : -24.415

Type  : Fast 1200mV 0C Model Setup 'CLOCK_50'
Slack : -15.169
TNS   : -770.633

Type  : Fast 1200mV 0C Model Setup 'ClkDividerN:clkdividerMiliSec|clkOut'
Slack : -2.826
TNS   : -116.527

Type  : Fast 1200mV 0C Model Setup 'ClkDividerN:clkdivider1Hz|clkOut'
Slack : -0.525
TNS   : -7.268

Type  : Fast 1200mV 0C Model Hold 'ClkDividerN:clkdivider1Hz|clkOut'
Slack : 0.149
TNS   : 0.000

Type  : Fast 1200mV 0C Model Hold 'CLOCK_50'
Slack : 0.174
TNS   : 0.000

Type  : Fast 1200mV 0C Model Hold 'ClkDividerN:clkdividerMiliSec|clkOut'
Slack : 0.293
TNS   : 0.000

Type  : Fast 1200mV 0C Model Recovery 'CLOCK_50'
Slack : -0.497
TNS   : -2.261

Type  : Fast 1200mV 0C Model Removal 'CLOCK_50'
Slack : 0.557
TNS   : 0.000

Type  : Fast 1200mV 0C Model Minimum Pulse Width 'CLOCK_50'
Slack : -3.000
TNS   : -310.300

Type  : Fast 1200mV 0C Model Minimum Pulse Width 'ClkDividerN:clkdividerMiliSec|clkOut'
Slack : -1.000
TNS   : -75.000

Type  : Fast 1200mV 0C Model Minimum Pulse Width 'ClkDividerN:clkdivider1Hz|clkOut'
Slack : -1.000
TNS   : -19.000

------------------------------------------------------------
