------------------------------------------------------------
Timing Analyzer Summary
------------------------------------------------------------

Type  : Slow 1200mV 85C Model Setup 'CLOCK_50'
Slack : -2.869
TNS   : -66.985

Type  : Slow 1200mV 85C Model Setup 'ClkDividerN:inst|clkOut'
Slack : -0.091
TNS   : -0.864

Type  : Slow 1200mV 85C Model Hold 'CLOCK_50'
Slack : 0.388
TNS   : 0.000

Type  : Slow 1200mV 85C Model Hold 'ClkDividerN:inst|clkOut'
Slack : 0.392
TNS   : 0.000

Type  : Slow 1200mV 85C Model Minimum Pulse Width 'CLOCK_50'
Slack : -3.000
TNS   : -30.000

Type  : Slow 1200mV 85C Model Minimum Pulse Width 'ClkDividerN:inst|clkOut'
Slack : -1.000
TNS   : -12.000

Type  : Slow 1200mV 0C Model Setup 'CLOCK_50'
Slack : -2.419
TNS   : -57.553

Type  : Slow 1200mV 0C Model Setup 'ClkDividerN:inst|clkOut'
Slack : 0.033
TNS   : 0.000

Type  : Slow 1200mV 0C Model Hold 'CLOCK_50'
Slack : 0.345
TNS   : 0.000

Type  : Slow 1200mV 0C Model Hold 'ClkDividerN:inst|clkOut'
Slack : 0.356
TNS   : 0.000

Type  : Slow 1200mV 0C Model Minimum Pulse Width 'CLOCK_50'
Slack : -3.000
TNS   : -30.000

Type  : Slow 1200mV 0C Model Minimum Pulse Width 'ClkDividerN:inst|clkOut'
Slack : -1.000
TNS   : -12.000

Type  : Fast 1200mV 0C Model Setup 'CLOCK_50'
Slack : -1.246
TNS   : -25.814

Type  : Fast 1200mV 0C Model Setup 'ClkDividerN:inst|clkOut'
Slack : 0.390
TNS   : 0.000

Type  : Fast 1200mV 0C Model Hold 'CLOCK_50'
Slack : 0.202
TNS   : 0.000

Type  : Fast 1200mV 0C Model Hold 'ClkDividerN:inst|clkOut'
Slack : 0.205
TNS   : 0.000

Type  : Fast 1200mV 0C Model Minimum Pulse Width 'CLOCK_50'
Slack : -3.000
TNS   : -31.748

Type  : Fast 1200mV 0C Model Minimum Pulse Width 'ClkDividerN:inst|clkOut'
Slack : -1.000
TNS   : -12.000

------------------------------------------------------------
